#-----------------------------------------------------------
# Vivado v2024.1 (64-bit)
# SW Build 5076996 on Wed May 22 18:37:14 MDT 2024
# IP Build 5075265 on Wed May 22 21:45:21 MDT 2024
# SharedData Build 5076995 on Wed May 22 18:29:18 MDT 2024
# Start of session at: Wed Jan  8 10:11:19 2025
# Process ID: 9320
# Current directory: C:/Users/LENOVO/Documents/GitHub/Trabajo-SED/Trabajo_SED
# Command line: vivado.exe -gui_launcher_event rodinguilauncherevent9648 C:\Users\LENOVO\Documents\GitHub\Trabajo-SED\Trabajo_SED\Trabajo_SED.xpr
# Log file: C:/Users/LENOVO/Documents/GitHub/Trabajo-SED/Trabajo_SED/vivado.log
# Journal file: C:/Users/LENOVO/Documents/GitHub/Trabajo-SED/Trabajo_SED\vivado.jou
# Running On        :AMELIE
# Platform          :Windows Server 2016 or Windows 10
# Operating System  :19045
# Processor Detail  :Intel(R) Core(TM) i7-10510U CPU @ 1.80GHz
# CPU Frequency     :2304 MHz
# CPU Physical cores:4
# CPU Logical cores :8
# Host memory       :8377 MB
# Swap memory       :7784 MB
# Total Virtual     :16161 MB
# Available Virtual :9495 MB
#-----------------------------------------------------------
start_gui
open_project C:/Users/LENOVO/Documents/GitHub/Trabajo-SED/Trabajo_SED/Trabajo_SED.xpr
update_compile_order -fileset sources_1
synth_design -top top -part xc7a100tcsg324-1 -lint 
synth_design -rtl -rtl_skip_mlo -name rtl_1
reset_run synth_1
launch_runs synth_1 -jobs 4
wait_on_run synth_1
launch_runs impl_1 -jobs 4
wait_on_run impl_1
close_design
open_run impl_1
close_design
reset_run synth_1
launch_runs impl_1 -jobs 4
wait_on_run impl_1
launch_runs impl_1 -to_step write_bitstream -jobs 4
wait_on_run impl_1
set_property STEPS.WRITE_BITSTREAM.ARGS.BIN_FILE true [get_runs impl_1]
reset_run impl_1
launch_runs impl_1 -jobs 4
wait_on_run impl_1
launch_runs impl_1 -to_step write_bitstream -jobs 4
wait_on_run impl_1
reset_run synth_1
launch_runs synth_1 -jobs 4
wait_on_run synth_1
launch_runs impl_1 -jobs 4
wait_on_run impl_1
reset_run impl_1
reset_run synth_1
launch_runs synth_1 -jobs 4
wait_on_run synth_1
launch_runs impl_1 -jobs 4
wait_on_run impl_1
launch_runs impl_1 -to_step write_bitstream -jobs 4
wait_on_run impl_1
synth_design -top top -part xc7a100tcsg324-1 -lint 
synth_design -rtl -rtl_skip_mlo -name rtl_1
close_design
synth_design -top top -part xc7a100tcsg324-1 -lint 
synth_design -rtl -rtl_skip_mlo -name rtl_1
close_design
update_compile_order -fileset sources_1
synth_design -rtl -rtl_skip_mlo -name rtl_1
synth_design -top top -part xc7a100tcsg324-1 -lint 
reset_run synth_1
launch_runs synth_1 -jobs 4
wait_on_run synth_1
launch_runs impl_1 -jobs 4
wait_on_run impl_1
synth_design -top top -part xc7a100tcsg324-1 -lint 
close_design
synth_design -top top -part xc7a100tcsg324-1 -lint 
synth_design -rtl -rtl_skip_mlo -name rtl_1
update_compile_order -fileset sources_1
refresh_design
reset_run synth_1
launch_runs synth_1 -jobs 4
wait_on_run synth_1
launch_runs impl_1 -jobs 4
wait_on_run impl_1
launch_runs impl_1 -to_step write_bitstream -jobs 4
wait_on_run impl_1
open_hw_manager
connect_hw_server -allow_non_jtag
open_hw_target
set_property PROGRAM.FILE {C:/Users/LENOVO/Documents/GitHub/Trabajo-SED/Trabajo_SED/Trabajo_SED.runs/impl_1/top.bit} [get_hw_devices xc7a100t_0]
current_hw_device [get_hw_devices xc7a100t_0]
refresh_hw_device -update_hw_probes false [lindex [get_hw_devices xc7a100t_0] 0]
set_property PROBES.FILE {} [get_hw_devices xc7a100t_0]
set_property FULL_PROBES.FILE {} [get_hw_devices xc7a100t_0]
set_property PROGRAM.FILE {C:/Users/LENOVO/Documents/GitHub/Trabajo-SED/Trabajo_SED/Trabajo_SED.runs/impl_1/top.bit} [get_hw_devices xc7a100t_0]
program_hw_devices [get_hw_devices xc7a100t_0]
refresh_hw_device [lindex [get_hw_devices xc7a100t_0] 0]
refresh_hw_device [lindex [get_hw_devices xc7a100t_0] 0]
refresh_hw_device [lindex [get_hw_devices xc7a100t_0] 0]
set_property PROBES.FILE {} [get_hw_devices xc7a100t_0]
set_property FULL_PROBES.FILE {} [get_hw_devices xc7a100t_0]
set_property PROGRAM.FILE {C:/Users/LENOVO/Documents/GitHub/Trabajo-SED/Trabajo_SED/Trabajo_SED.runs/impl_1/top.bit} [get_hw_devices xc7a100t_0]
program_hw_devices [get_hw_devices xc7a100t_0]
refresh_hw_device [lindex [get_hw_devices xc7a100t_0] 0]
set_property PROBES.FILE {} [get_hw_devices xc7a100t_0]
set_property FULL_PROBES.FILE {} [get_hw_devices xc7a100t_0]
set_property PROGRAM.FILE {C:/Users/LENOVO/Documents/GitHub/Trabajo-SED/Trabajo_SED/Trabajo_SED.runs/impl_1/top.bit} [get_hw_devices xc7a100t_0]
program_hw_devices [get_hw_devices xc7a100t_0]
refresh_hw_device [lindex [get_hw_devices xc7a100t_0] 0]
close_design
close_hw_manager
