#-----------------------------------------------------------
# Vivado v2024.1 (64-bit)
# SW Build 5076996 on Wed May 22 18:37:14 MDT 2024
# IP Build 5075265 on Wed May 22 21:45:21 MDT 2024
# SharedData Build 5076995 on Wed May 22 18:29:18 MDT 2024
# Start of session at: Fri Dec 13 10:34:27 2024
# Process ID: 10456
# Current directory: C:/Users/LENOVO/Documents/GitHub/Trabajo-SED/Trabajo_SED
# Command line: vivado.exe -gui_launcher_event rodinguilauncherevent10244 C:\Users\LENOVO\Documents\GitHub\Trabajo-SED\Trabajo_SED\Trabajo_SED.xpr
# Log file: C:/Users/LENOVO/Documents/GitHub/Trabajo-SED/Trabajo_SED/vivado.log
# Journal file: C:/Users/LENOVO/Documents/GitHub/Trabajo-SED/Trabajo_SED\vivado.jou
# Running On        :AMELIE
# Platform          :Windows Server 2016 or Windows 10
# Operating System  :19045
# Processor Detail  :Intel(R) Core(TM) i7-10510U CPU @ 1.80GHz
# CPU Frequency     :2304 MHz
# CPU Physical cores:4
# CPU Logical cores :8
# Host memory       :8377 MB
# Swap memory       :7516 MB
# Total Virtual     :15893 MB
# Available Virtual :8770 MB
#-----------------------------------------------------------
start_gui
open_project C:/Users/LENOVO/Documents/GitHub/Trabajo-SED/Trabajo_SED/Trabajo_SED.xpr
update_compile_order -fileset sources_1
# Disabling source management mode.  This is to allow the top design properties to be set without GUI intervention.
set_property source_mgmt_mode None [current_project]
set_property top sumadordemonedas [current_fileset]
# Re-enabling previously disabled source management mode.
set_property source_mgmt_mode All [current_project]
update_compile_order -fileset sources_1
export_ip_user_files -of_objects  [get_files C:/Users/LENOVO/Documents/GitHub/Trabajo-SED/Trabajo_SED/Trabajo_SED.srcs/sources_1/new/decodificador_moneda.vhd] -no_script -reset -force -quiet
remove_files  C:/Users/LENOVO/Documents/GitHub/Trabajo-SED/Trabajo_SED/Trabajo_SED.srcs/sources_1/new/decodificador_moneda.vhd
file delete -force C:/Users/LENOVO/Documents/GitHub/Trabajo-SED/Trabajo_SED/Trabajo_SED.srcs/sources_1/new/decodificador_moneda.vhd
# Disabling source management mode.  This is to allow the top design properties to be set without GUI intervention.
set_property source_mgmt_mode None [current_project]
set_property top sumadordemonedas_tb [get_filesets sim_1]
set_property top_lib xil_defaultlib [get_filesets sim_1]
# Re-enabling previously disabled source management mode.
set_property source_mgmt_mode All [current_project]
update_compile_order -fileset sim_1
close [ open C:/Users/LENOVO/Documents/GitHub/Trabajo-SED/Trabajo_SED/Trabajo_SED.srcs/sources_1/new/devolver_el_dinero.vhd w ]
add_files C:/Users/LENOVO/Documents/GitHub/Trabajo-SED/Trabajo_SED/Trabajo_SED.srcs/sources_1/new/devolver_el_dinero.vhd
update_compile_order -fileset sources_1
set_property SOURCE_SET sources_1 [get_filesets sim_1]
close [ open C:/Users/LENOVO/Documents/GitHub/Trabajo-SED/Trabajo_SED/Trabajo_SED.srcs/sim_1/new/devolver_el_dinero_tb.vhd w ]
add_files -fileset sim_1 C:/Users/LENOVO/Documents/GitHub/Trabajo-SED/Trabajo_SED/Trabajo_SED.srcs/sim_1/new/devolver_el_dinero_tb.vhd
update_compile_order -fileset sim_1
# Disabling source management mode.  This is to allow the top design properties to be set without GUI intervention.
set_property source_mgmt_mode None [current_project]
set_property top devolver_el_dinero_tb [get_filesets sim_1]
set_property top_lib xil_defaultlib [get_filesets sim_1]
# Re-enabling previously disabled source management mode.
set_property source_mgmt_mode All [current_project]
update_compile_order -fileset sim_1
launch_simulation
launch_simulation
# Disabling source management mode.  This is to allow the top design properties to be set without GUI intervention.
set_property source_mgmt_mode None [current_project]
set_property top devolver_el_dinero [current_fileset]
# Re-enabling previously disabled source management mode.
set_property source_mgmt_mode All [current_project]
update_compile_order -fileset sources_1
launch_simulation
launch_simulation
launch_simulation
source devolver_el_dinero_tb.tcl
close_sim
launch_simulation
reset_run synth_1
launch_simulation
synth_design -top devolver_el_dinero -part xc7a100tcsg324-1 -lint 
update_compile_order -fileset sources_1
update_compile_order -fileset sources_1
update_compile_order -fileset sources_1
update_compile_order -fileset sources_1
launch_simulation
source devolver_el_dinero_tb.tcl
close_sim
launch_simulation
source devolver_el_dinero_tb.tcl
close_sim
launch_simulation
launch_simulation
source devolver_el_dinero_tb.tcl
close_sim
launch_simulation
source devolver_el_dinero_tb.tcl
close_sim
launch_simulation
source devolver_el_dinero_tb.tcl
close_sim
launch_simulation
source devolver_el_dinero_tb.tcl
close_sim
launch_simulation
source devolver_el_dinero_tb.tcl
close_sim
launch_simulation
source devolver_el_dinero_tb.tcl
close_sim
launch_simulation
source devolver_el_dinero_tb.tcl
close_sim
launch_simulation
source devolver_el_dinero_tb.tcl
run 500 ns
close_sim
launch_simulation
source devolver_el_dinero_tb.tcl
close_sim
launch_simulation
source devolver_el_dinero_tb.tcl
close_sim
update_compile_order -fileset sources_1
update_compile_order -fileset sources_1
launch_simulation
launch_simulation
launch_simulation
launch_simulation
launch_simulation
launch_simulation
source devolver_el_dinero_tb.tcl
close_sim
launch_simulation
source devolver_el_dinero_tb.tcl
close_sim
launch_simulation
source devolver_el_dinero_tb.tcl
close_sim
launch_simulation
source devolver_el_dinero_tb.tcl
close_sim
launch_simulation
source devolver_el_dinero_tb.tcl
close_sim
launch_simulation
source devolver_el_dinero_tb.tcl
close_sim
launch_simulation
source devolver_el_dinero_tb.tcl
close_sim
